500000000000000000000000000000000000000000000000000000000000000000000010000001000000000001015111110
500000000000000000000000000000000000000000000000000000000000000000000010000001000000000001005111112
