100442358540781887455547751326001432715801457545211227981554866873765717504460671042356991172313154
23014430557983544656797927577763934441813858809223915249681679638598438741182893309079152443940281
