499999999999999999999999999999999944444444444444444444444444999999999999999999944444444444444445009
499999999999999999999999999999999944444444444444444444444444999999999999999999944444444444444444990
