9499999999999999999999999999999999444444444444444443333333338863333344999999999444444444444444449999
499999999999999999999999999999999444444444444444445555555561136666654999999999444444444444444450000
