3 5 10 12 13
3 5 8 9 20
1 12 13 19 20
1 2 13 19 20
1 2 8 9 20
3 5 10 19 20
3 5 10 13 20
3 5 10 13 19
3 5 10 12 20
3 5 10 12 19
