OK
kodhamminga
OK
hejalicjo
OK
hejbob
OK
bacababadama
OK
abcdefghijklmnop
