OK
tuxtuxtuxtuxtuxtuxtuxtuxtuxtuxtuxtuxtuxtuxtuxtuxtuxtuxtuxtuxtuxtuxtuxtuxtuxtuxttuxtuxtuxtuxtuxtux
OK
xyzzyxxyzzyxxyzzyxxyzzyxxyzzyxxxyzzyxxyzzxyzzyxxyzxyzzyxxyzzxyzzyxxyzzxyzzyxxyzzyx
OK
tuvwxyztuvtuvtuvwxyxyzzyyzzzztttyyytyytxyyxyyxyyyxyyxyyywxwxwyyzzzyyyzzzwyywyytyuuuvvvvwuuwuxuxw
OK
zxyztuwvxuuzyyzytuwxxyyzuuwuuzxvzyyutuuwvuuwwuuuutywyuwuuxzuuvuzuuvuxuutyuwuwuuwzu
