OK
mhmgeaikphafnefigjmhgheaoifhakkmcgcghkagbalofagljccpjhpipfpppjlbpnhgihmjihinhoiablakcpcbebaeklfkinaaenkmecjmacmbnmmpmoaaaaeklkedhfelcoigabcadpcalophmpimpmhkglonacjcabjaclagkcggagnnffjfcapimngmppppaipcdaiocpedfbakhjpjkpbgmhcmgblgjljnlblnapafaaahkpaeockljmhaocghnpeibpgboghphhgbghffjpaclhcjjjbhifpjffldmccdjjepajejieldlonfhompdljibemngoapheohndafhmidkfibdeahpjpanlndkncbbbjoejdlfmopbgafkbmkklkihilbfochplfdfjokfnkgdklolhigdcokkjlahnhgjmjofiikfcbinmgieoohbmblgmlnjcecpnaefjpkladimjbaiphjmieceapocdabbbggkfbffeobnpcfojokcdmgdmefpfhagnhacifhmdijckpbenlgaimdebjdgaemnlmpdbgpfoihjhinfedfmpjaacdgchcpcoofaeefcnmlefijjlpfliflkicmaelcdjidnmipjelojdhcpghkomfifhefmphpipcfmkffoadidlkcbcmaocidjnifmaefpgklapbppehdpbfbdcbcejfngoddohinocjocknboeeogkpjmalajbnapadnilkgndepncbmgfkmpjgljblccjcbjfobajhommnkoogeeabdjhpcikeldhmnmloneglacikahaelafojmnlfiaalhmidhhalnlmpegplhdghjebfcmkkmkfdhohofhkcdgbhmacddilmmmcoimifhoiompmbhgdkmebjedmhlhehdggmcobjmjhijejakmkhalaeommjeaahggdifecbojkhndhiabpampfklbdpbdhhkkpppbanlkeiolaompoiodckefjfiamclmbknchimlbkgbicbhkpkmjpbdejdbmonnikppdmkegafpcggmgaippjcedgfpecmnmmmpihdohjnkpdgfepfdihhlnmkcohpldlklcojkhhegkkmojbccijnggiiephpccknfigppndfinbghcijlcgbiojmnampcgmhodgnajcihepoghhbjncbmlojlkjoaffoimljfnbmbakiibjbpmdlhbedlnbldgjlceeibgedgploaeapadkieplpmmkpcdlfhpnifblmagkblkalnldbkoagkkgnnbceapngaicbpmckhcfenjghhgocbepofbdfaalainbhkdbbghfdallhcjjdnibcjehjedknalekpglfnbinmdeomobjgdl
OK
jdcaomoccpocdmhlgpphnbbldehainjbamboiaakppmcldncdmjaoklbocbgpkhpgjoojojinfljjilmfemdpienkfekpljgehengngddbmmjhiomeblmfihkmbkikamcekicalfbibkpjjlnkgkapbklcedmeaojkglkcalkbfjkofhjlbjkcdgeijbmjpfdganiaicbollmadfmeoghcmlkgmgpmmdcmaknjmohhkdinjebhkijhednakmmgpocaipjeoamidefmigecpnjdbgdldabcodchdllblhjploldepgdnpgogkjjkklinopajlbfckeoipbnphamhhknbdglnbdkpdljomoahcopbamahnmoeglfjbagddbcgmleijfpldpndlnlikjmafbkgbajfbmlnhagbffmiejmahhibafbfglmimfnnbiljibknggglaclhjdijijppflhbaeocmjlfkfcblimlkhcdkkndemcjhjkhnijjceomjbnfjjaeadhlneobaakhjepgnippnolgpjlicmmdpeomimojmiafnplkikjfielhnhaadmdcabojnmcjfcoccjmkdfpmjkdhbdheakgalfjiblbgopiaiekljjhddlkfobjolapgfiogepncofcgkmbdfjgieancbhbmhacmiacmpponfadpmfcbojkcjhelofhffkbokekkdjhijlhgakhodbamjehhkpnpjondcingbfokagaaaiodjopcchkmghmpfjcibaocfmnfcnfcfdfpbfbdmlaccmbifdahdojikgnnecpjffigkkkgfkiigjalmacaomiicgfgifaokieecokiicaolakhamhoiaglgmbobbmlkbpmpjeileggeanenfcffjalfcjgdgbnhakgjooedfkhfhmcmoibhimmkgcomdlddfjmeiahnkocckfojnaafmnacpoodjbgplddddkaoicadhomeomkljknjimmbncaifdljnlhgohjfffkebeplomegiahgcioilkbjfipdpijendiohhjfenlmnccakbigljpaboeagnedanbhelmiihfgjhgeiokdhjeihiinfmafjbmomigfpllidbmlpgpgpdoglgdacdfmfbkbjagimbapcnkbdjhdmfjhlnhoamkfnehgenoapppbmkdpdkcaamhljpjjldpjhgpmdomcnmejghijbljbhbnaagjlkieboencckepgiimpafblpccapcagmlaeabdepfgjjfpcnlbnacjpflpeopkklkolmbplgfeakdchodeognoljnphnkbiepdabclhhphbcjianmpdknodknkhhlpmkcmleidlhkmkeekbbjelgcobpiihdid
OK
domopoeimfbcmbeflmjblfhgehbabpifnedmdhfpmgbihgodcheomlebcfbeejjbomnbdcapjbhahfdknhijdmkfbljffcgdodebgeapfipnndhkkpenlodmkmbpphcnkgpakppphpmfcdpmcdkncnjmjklibngmdfmnemmmljbnmajpedmgagckancckionnkkcggobppompildlhjmnlgoiiacbopoijapaoapnplnhgacokolfejonjaohamajnpjlpjjoegflgijagegloeihegpecpopohlnaemfkbaajjbanhlllddpjcelbclpjgmkkipekpedifdfmobhbehkglghnbgghcablpffojigpmmlkndmbkghfmocneiegjfbikghepndljofgbbhlioaemccalghemimgpdkobnjkmobnaijihjmdmoehfllbdhhclcampjglihjiacahlmkhlooajjbnbipmkaikjofbgojgajnmghdbgcbplcmmkmifmapfpehfdaldkipapdbffcfaebnonfdjgcpfhgkkgfnannamabcfdhfhicggijpomoddennlcklphmlhnnmbecineodmickebnhfkeamomlgihnfekgjmpganjnflhjmfacpecmdohjgogmdacmmbcnplkegbodgofgdhcggjpmifilglhcmjplejaklonbmchpkjfademlkfgaancmgciklieggcicepcojhommlhgangakimakekgmomcaeffehdnocjknaanngnhpjhjobpkpmnaacfejibhkkchkcehjboilfbjgbdgnagnclcldddooffihkaaloigekpkldaidgfgbhbfledjjibbcbboakeeeeophphkfmahecmpgpiahjbklcilmmpaanphmgccdcjhefgleollhmfconnlkmlkklcgbeiegbllgbgkpbghnljljhgddcnnnpeodmdkoofealppmfgjaaejhlmknkikjminilhgkmlkhkjdpampaajhlfbipjcjflgogneajpkajediepiepbllgmdgggplbfjhcoilnclhgopknhomijhpglfmbehcjbjlpbgmebdkpdfmkdidnacdlhpmlgoehhpgjfdngghfjmbeajhnjjaeapalf
