192
2 22 25 40 72 113 243 246 277 289 298 315 318 333 335 348 357 359 363 368 373 374 383 384 409 424 436 438 455 459 468 522 526 540 551 565 587 589 592 606 625 658 672 693 699 754 792 817 852 894 896 897 935 946 956 1005 1015 1040 1054 1061 1069 1081 1083 1114 1142 1159 1175 1181 1193 1270 1291 1325 1333 1391 1422 1456 1485 1498 1528 1605 1608 1631 1718 1766 1818 1829 1830 1834 1857 1863 1892 1922 1983 1996 2076 2092 2122 2137 2165 2196 2210 2271 2273 2302 2328 2384 2488 2514 2562 2584 2606 2628 2634 2644 2678 2679 2684 2729 2738 2758 2793 2797 2809 2814 2833 2837 2879 2883 2886 2890 2895 2911 2914 2925 2939 2955 2966 2983 3000 3007 3024 3030 3044 3053 3070 3143 3167 3200 3209 3210 3229 3232 3266 3285 3294 3305 3320 3322 3327 3384 3443 3490 3498 3509 3530 3537 3547 3548 3575 3585 3591 3636 3640 3662 3691 3715 3723 3736 3740 3748 3777 3779 3818 3850 3867 3875 3879 3883 3911 3923 3926 3960
