71111
97
99999874442222111111
99998744422221111110
99771111111111111111
