98
94
96
95
98
98
981
986
984
982
992
982
998662
99772
