SSSSSCBCBCBCBCBCBCBCB 1
B 9
B 9
B 9
B 9
B 9
B 9
B 9
B 9
B 9
B 9
B 9
B 9
B 9
B 9
B 9
B 9
B 9
B 9
B 9
B 9
B 9
B 9
B 9
B 9
B 9
B 9
B 9
B 9
B 9
