C 25000
C 25000
C 25000
C 25000
C 25000
C 25000
C 25000
C 25000
C 25000
C 25000
C 25000
C 25000
C 25000
C 25000
C 25000
C 25000
C 25000
C 25000
C 25000
C 25000
C 25000
C 25000
C 25000
C 25000
C 25000
C 25000
C 25000
C 25000
C 25000
C 25000
