37
5 6 14 16 22 30 40 42 43 45 55 56 59 64 67 75 88 97 108 109 113 143 177 188 192 209 214 223 231 232 237 254 256 263 288 289 294 
