167
4 5 6 7 8 13 18 19 27 29 31 36 45 49 52 53 58 59 62 67 69 72 73 74 79 83 84 85 87 88 89 91 93 94 95 96 97 98 100 101 104 105 108 109 110 114 115 116 118 121 122 123 125 126 127 128 129 130 131 132 133 136 138 139 141 143 144 145 146 147 148 149 150 151 152 153 154 155 156 158 159 160 161 162 165 166 167 168 169 171 172 173 174 175 176 177 179 180 181 182 183 184 185 186 187 188 189 191 192 193 194 195 196 197 198 199 200 201 202 204 205 206 208 209 210 211 212 214 215 216 218 219 220 221 222 224 226 228 229 230 231 232 234 236 238 240 242 243 244 245 249 251 252 253 255 256 258 260 263 275 278 281 282 283 289 293 298 
