116
5 10 11 13 21 24 25 30 31 35 36 41 42 43 45 49 52 56 57 58 63 64 66 68 69 71 72 73 75 76 77 78 83 86 88 89 90 91 92 93 97 100 101 104 105 107 111 114 115 118 122 123 125 126 127 129 130 131 134 136 138 143 144 145 148 149 152 154 155 156 159 160 161 163 165 166 167 168 170 171 172 175 176 178 180 181 186 187 188 197 206 209 210 211 213 215 216 220 221 223 224 225 230 236 238 245 255 267 269 272 273 276 291 292 293 295 
