9446708185759308415384067495999677431530963218480368032804826598281856324445977322684945038267086094364761366000137291348836189673785457326607903364013465483957273836804336595888397782139002535468799414419546535346394066447256463745311310661259359973909189379826722425332112242554370313063917929424669185186291673823764654829513873821477637371237697744102254002802127905427315493403711022179894479121632130910668828125
