0
-1
0
-1
1
-1
6172
27160
2438270
1249999
2295683
-1
2295683
555555
-1
16666
1110
277
-1
3
