2 16
3566 3317
3983 300 300 300 300 200 200 200 200 200 200 100 100 100 100 100
