37 3
1276 300 300 225 225 225 225 225 225 225 225 225 225 225 150 150 150 150 150 150 150 150 150 150 150 150 150 75 75 75 75 75 75 75 75 75 75
2780 2595 1676
