45 2
94 94 94 94 94 94 94 94 94 94 94 94 94 94 94 94 94 94 94 94 47 47 47 47 47 47 47 47 47 47 47 47 47 47 47 47 47 47 47 47 47 47 47 47 47
1781 1274
