15 15
31 31 31 31 31 31 31 31 31 31 31 31 31 31 31
45 30 30 30 30 30 30 30 30 30 30 30 30 30 30
