00 00000000 0000 0001 0000 0011 1
00 00000000 0000 0006 0000 0016 1
00 00000000 0000 0037 0000 0037 1
00 00000000 0000 0042 0000 0053 1
00 00000000 0000 0046 0000 0043 1
00 00000000 0000 0069 0000 0082 1
00 00000000 0000 0077 0000 0021 1
00 00000000 0000 0083 0000 0059 1
00 00000000 0000 0096 0000 0052 1
00 00000000 0000 0098 0000 0077 1 
