45853 8546413432
59212 8140510384
107222 5750943917
114390 2549205345
