80146617
134836977
73965463
44413244
192306049
134365851
7080498
112841030
174333673
39868501
