122
1 16 17 21 24 25 27 28 31 37 40 45 55 60 61 62 64 65 68 78 79 83 84 85 91 94 95 96 98 99 105 107 111 112 114 119 120 128 131 143 153 155 158 161 168 169 176 179 185 186 187 197 200 206 208 212 218 220 224 225 227 234 239 245 247 249 250 265 269 272 277 282 293 294 295 308 312 317 321 327 328 330 332 337 339 347 355 356 357 360 364 369 374 375 381 387 389 390 396 397 399 405 411 417 425 427 430 433 447 450 451 456 458 468 474 476 478 482 489 493 496 507
