122
1 4 8 13 33 35 40 42 54 56 59 62 65 69 75 84 89 92 95 99 101 105 106 111 119 128 133 134 147 149 158 160 161 168 175 176 177 179 200 203 204 205 210 212 213 226 230 231 240 241 244 250 253 255 259 265 267 269 271 273 275 276 305 306 314 321 323 324 327 330 332 337 339 341 342 345 355 357 360 363 365 367 375 380 384 386 389 393 396 398 408 412 418 420 423 424 425 429 432 435 440 443 444 455 458 460 472 473 474 479 482 487 488 489 490 493 501 503 508 509 512 513
