5
6
8
9
10
4
12
2
11
7
13
14
15
17
18
1
19
20
3
16
