5
18
25
1
16
23
35
37
31
38
11
14
17
19
21
26
7
15
24
29
30
32
20
34
36
10
2
22
4
27
9
12
28
33
8
6
39
3
13
40
