32
21
2
25
18
26
15
16
39
47
20
50
10
19
12
5
44
46
29
22
11
36
30
8
34
23
4
14
24
27
7
13
38
9
40
43
17
33
6
1
42
3
28
45
37
35
41
48
49
31
