3217
756839
19937
9689
4253
1257787
44497
859433
4423
132049
86243
110503
9941
