1 1
2 2
3 3
4 4
5 5
6 6
7 7
8 10
9 9
10 12
11 13
12 14
13 15
14 11
15 8
16 17
17 16
18 18
19 19
20 21
21 20
23 22
24 23
22 24
25 26
26 25
27 27
28 28
29 30
30 29
