sihT si na elpmaxe fo a elpmis tset. fI uoy did ton 
dnatsrednu eht gnirehpic mhtirogla tey, neht etirw eht 
srettel fo hcae drow ni eht esrever redro. yB eht yaw, 
"gnisrever" eht txet eciwt serotser eht lanigiro txet.
