1/2
1/1/15
1/1/4
1
80/3/4
1099/88/89
6212/22727833/22895000
790/1101601/3985614
0
0
0
