-395 1377
-4296 4684
-1513 2205
-2049 3454
-6695 4579
-1965 1084
-3139 5803
-2373 1247
703 703
-1720 709
