-6028 6381
0 0
-5004 5737
-735 -735
341 1728
-6102 6885
-57 1135
-5922 3542
-643 167
-2467 2976
515 515
-1367 543
-4155 3016
-7584 5597
-5126 8327
-1465 5245
-1293 1875
11000 11000
-11000 11000
-11000 -11000
