3 3
3 38
38 38
3 21
21 38
3 3
NIE
3 3
NIE
38 38
3 21
21 38
NIE
38 38
21 21
NIE
3 3
NIE
NIE
NIE
NIE
NIE
38 38
21 21
NIE
NIE
NIE
NIE
NIE
NIE
NIE
