2537
2720
1668
1132
1125
1873
1292
458
210
1817
0
85
426
1717
3872
