3246
93
207
1937
47
1918
2573
345
90
1691
722
153
1984
136
489
