434
981
668
410
540
819
770
858
823
793
902
424
715
405
683
429
712
785
370
743
393
601
480
725
479
