1
4158
2068
189
66
245
2584
1291
1994
220
195
128
44
976
1466
386
588
2933
476
51
2266
2867
149
1630
102
124
304
1933
1126
427
1524
0
236
4251
2142
122
2266
29
5
3624
3313
1218
3406
2482
673
3094
290
2059
338
3176
1924
52
1845
0
579
3447
2042
981
1211
2839
234
2046
1767
8
567
1045
62
330
7
892
1023
1633
1179
635
353
1745
327
85
1358
305
603
401
741
69
1462
327
883
283
0
0
3378
4795
204
871
211
98
1893
3
115
2626
