5095
1418
7132
1940
1534
830
755
788
60
8187
2398
1050
1415
3501
7206
2813
2532
8085
2339
3641
1282
3
1693
3487
2617
3606
4904
6134
49
148
6246
139
725
2855
572
5
5996
1406
4225
591
4896
4269
4667
7
669
60
2738
6436
5854
2386
3707
7035
6333
7049
1078
1055
14
279
1718
6768
474
1138
467
1118
4368
3654
164
607
333
87
332
6041
3
4947
129
1144
50
558
437
635
5377
1084
25
5968
5428
241
6163
479
4324
5251
683
602
2538
5176
4855
406
2
6092
1219
839
1700
2957
3140
165
111
3173
643
4222
1648
232
3255
5003
4194
1738
1877
6130
656
243
5814
138
