38464
37770
39403
12454
46231
5557
8839
1067
46423
18
2679
17113
8056
4556
29873
55
20309
2751
8082
44699
36621
2597
6054
20453
33950
9116
26324
13415
41
138
48302
593
8330
1390
5344
739
5283
51122
50883
18370
3
37143
25348
30383
50911
14654
11355
1218
5184
10112
37121
8229
122
49
12390
22568
24131
22822
5298
7642
7986
2167
31504
2174
419
26611
15404
29628
42601
18997
30958
50005
31598
814
1469
20750
1218
49605
7645
376
15301
38189
2967
4544
39360
28975
3700
2983
33471
305
15641
5949
48018
2125
10863
51721
9886
10233
16999
41766
1878
9981
41946
862
20409
1353
69
26592
10285
22245
7586
28821
5600
18334
30647
15565
1778
36634
20784
4378
13409
5529
7409
7066
12179
8614
22939
6702
16679
1269
6582
26563
10053
42257
5606
29352
3342
9933
47239
7376
11860
10951
1979
99
3866
2185
52346
3360
3663
22236
