2057
10
5281
3515
4498
1917
6
3123
1108
2223
321
2304
4597
3617
658
2799
398
1854
4602
45
115
14
112
4692
2788
809
1310
2025
2171
4507
187
486
2052
227
2384
453
20
1252
1252
1908
886
555
3027
5697
3953
2255
4308
150
1062
73
6
1453
4410
1107
977
814
2224
2812
104
853
2332
803
927
14
1
5265
228
267
10
169
371
370
4031
3767
7
1478
545
516
320
1
20
724
87
2791
1101
2678
1529
3367
9
2462
41
292
2738
3362
3360
101
0
1804
10
1799
4510
3090
5264
268
151
3784
1459
2448
295
1415
100
1745
2443
336
41
887
0
2292
1407
2049
1736
2896
2381
1153
52
4379
1149
3611
1409
317
293
10
20
35
1072
824
5
3133
687
973
4402
3267
587
4579
621
1301
1568
3114
2785
3860
10
1250
2392
975
2242
4151
809
2886
1989
3188
1693
1161
206
3605
2898
28
482
65
1252
651
2871
2055
2508
2803
6221
1802
521
1147
2368
5
622
1580
248
1683
2962
1069
2174
90
346
2521
1119
3720
1255
2181
1103
1153
3115
1510
1288
1357
